AR calculator behavioral C:/Users/dhanoaa/Desktop/Calculator/calculator.vhd sub00/vhpl13 1510606675
AR cal behavioral C:/Users/dhanoaa/Desktop/Calculator/cal.vhd sub00/vhpl09 1510606671
AR doutt behavioral C:/Users/dhanoaa/Desktop/Calculator/doutt.vhd sub00/vhpl07 1510606669
AR lfsr beh C:/Users/dhanoaa/Desktop/Calculator/lfsr.vhd sub00/vhpl05 1510606667
EN doutt NULL C:/Users/dhanoaa/Desktop/Calculator/doutt.vhd sub00/vhpl06 1510606668
EN calculator NULL C:/Users/dhanoaa/Desktop/Calculator/calculator.vhd sub00/vhpl12 1510606674
EN counter NULL C:/Users/dhanoaa/Desktop/Calculator/counter.vhd sub00/vhpl00 1510606662
AR counter beh C:/Users/dhanoaa/Desktop/Calculator/counter.vhd sub00/vhpl01 1510606663
AR lcd_display beh C:/Users/dhanoaa/Desktop/Calculator/lcd_display.vhd sub00/vhpl11 1510606673
AR fsm behavioral C:/Users/dhanoaa/Desktop/Calculator/fsm.vhd sub00/vhpl03 1510606665
EN lfsr NULL C:/Users/dhanoaa/Desktop/Calculator/lfsr.vhd sub00/vhpl04 1510606666
EN fsm NULL C:/Users/dhanoaa/Desktop/Calculator/fsm.vhd sub00/vhpl02 1510606664
EN lcd_display NULL C:/Users/dhanoaa/Desktop/Calculator/lcd_display.vhd sub00/vhpl10 1510606672
EN cal NULL C:/Users/dhanoaa/Desktop/Calculator/cal.vhd sub00/vhpl08 1510606670
