#-----------------------------------------------------------
# Vivado v2017.2 (64-bit)
# SW Build 1909853 on Thu Jun 15 18:39:09 MDT 2017
# IP Build 1909766 on Thu Jun 15 19:58:00 MDT 2017
# Start of session at: Sat Apr 28 20:02:57 2018
# Process ID: 12092
# Current directory: C:/Users/jawaidt/Desktop/Lab3part2
# Command line: vivado.exe -gui_launcher_event rodinguilauncherevent14796 C:\Users\jawaidt\Desktop\Lab3part2\Lab3part2.xpr
# Log file: C:/Users/jawaidt/Desktop/Lab3part2/vivado.log
# Journal file: C:/Users/jawaidt/Desktop/Lab3part2\vivado.jou
#-----------------------------------------------------------
start_gui
open_project C:/Users/jawaidt/Desktop/Lab3part2/Lab3part2.xpr
update_compile_order -fileset sources_1
save_project_as lab3part2_mine C:/Users/jawaidt/Desktop/lab3part2_mine -force
reset_run synth_1
launch_runs impl_1 -jobs 4
wait_on_run impl_1
launch_simulation
source top.tcl
close_sim
close_project
create_project Lab4TheRightWay C:/Users/jawaidt/Desktop/l4trw/Lab4TheRightWay -part xc7a100tcsg324-1
file mkdir C:/Users/jawaidt/Desktop/l4trw/Lab4TheRightWay/Lab4TheRightWay.srcs/sources_1/new
close [ open C:/Users/jawaidt/Desktop/l4trw/Lab4TheRightWay/Lab4TheRightWay.srcs/sources_1/new/lab4.v w ]
add_files C:/Users/jawaidt/Desktop/l4trw/Lab4TheRightWay/Lab4TheRightWay.srcs/sources_1/new/lab4.v
update_compile_order -fileset sources_1
remove_files  C:/Users/jawaidt/Desktop/l4trw/Lab4TheRightWay/Lab4TheRightWay.srcs/sources_1/new/lab4.v
file delete -force C:/Users/jawaidt/Desktop/l4trw/Lab4TheRightWay/Lab4TheRightWay.srcs/sources_1/new/lab4.v
close [ open C:/Users/jawaidt/Desktop/l4trw/Lab4TheRightWay/Lab4TheRightWay.srcs/sources_1/new/lab4.v w ]
add_files C:/Users/jawaidt/Desktop/l4trw/Lab4TheRightWay/Lab4TheRightWay.srcs/sources_1/new/lab4.v
launch_runs synth_1 -jobs 4
wait_on_run synth_1
archive_project C:/Users/jawaidt/Desktop/Lab4TheRightWay.xpr.zip -temp_dir C:/Users/jawaidt/Desktop/Lab3part2/.Xil/Vivado-12092-NIOBIUM -force
